1505463
0
895378
1333459
1346936
979041
659833
805654
1492228
0
2839786
684282
370896
0
2301941
1222585
26576
568602
2220435
687489
0
772550
2412570
1207926
63732
455954
3480563
734276
0
2362106
0
2004013
0
0
0
0
1397728
782925
1447222
0
0
644368
356615
7973
2363348
511903
805510
2493307
36800
2127783
2905408
1350482
673611
235317
1780192
1679627
0
0
812780
1475079
0
1483623
0
1375161
1678598
0
1176569
1367396
2563732
2111036
0
1752364
1433370
1324782
999664
706190
753886
967847
899317
0
688864
332690
425555
0
0
572176
880463
1340078
2216536
387041
279581
0
1739401
0
2799341
0
0
0
0
2867452
0
1243903
2397995
0
2259645
140912
1257156
0
0
193095
1869402
0
961617
1339009
0
1560203
0
401874
451271
103380
1652921
548527
1237809
573494
271462
2854038
268709
1584663
862022
0
2321866
3582053
994876
2927754
0
848183
0
1677349
0
609419
0
0
3582053
1361674
565860
1847721
0
1106757
0
0
1383883
0
0
970819
0
3024788
0
0
0
0
805597
711380
2448061
560394
131502
992866
0
2845849
1830968
0
826977
469954
1286098
2401481
565817
0
0
636834
19310
1795517
0
819624
1949451
0
847302
0
2556122
462693
2588630
15299
966151
759301
1577925
1002091
3386854
0
3582053
3582053
921744
654686
1363898
0
2966736
0
0
999664
0
816869
1514655
974850
635247
1412900
0
997938
882292
2943548
0
2221310
0
0
0
2337075
882292
0
0
1670569
0
83340
1260694
0
0
98393
1157464
0
0
0
0
0
81352
0
0
2178118
0
289832
1722160
2024614
711091
0
0
0
0
2870588
1632581
555803
631894
1086546
2272585
0
252879
1863543
1635956
1443721
2112703
248441
1307205
1030363
598247
584741
105635
316437
1484915
1682072
2390637
918851
1692993
2541821
56416
0
0
912893
0
1971447
895805
3051966
779538
0
1232204
773254
1665358
0
0
987014
1444903
311051
984251
0
0
696108
0
834007
892318
1336027
0
1359093
1227118
271605
935388
110724
1857758
930731
0
413990
3385111
411527
0
0
463482
734256
963004
1678957
881246
1693452
462366
2426382
756858
2028821
0
0
446238
2020690
1718684
1065171
266220
903955
0
778177
337779
0
1025848
0
2287825
671559
1408409
0
69298
1742623
1148420
593994
718292
0
374883
0
0
1234859
0
718431
0
668179
2652805
0
2959361
2560590
797691
332098
1521188
1620611
1892542
1028989
1583163
0
1417229
926309
1278789
757867
303462
752161
705164
0
637447
1623018
0
2582270
1005524
373954
961453
1554676
2178246
31184
1244940
123271
1865286
3852
2422923
0
0
580505
958061
2362106
982473
294443
2884034
0
918216
966251
2570378
1308852
970766
3582053
726916
987836
0
754131
0
663942
1229590
0
1451930
0
166709
0
0
16194
1386256
982129
40412
0
3143845
2503915
300814
433978
893623
420019
0
1722160
1483662
1896543
0
840783
0
0
3582053
0
836391
708874
1126092
0
24756
1162881
0
1242872
0
0
2485842
1432160
1103682
0
0
773598
0
2056983
3413753
1724647
0
1046993
290538
2211309
496906
1391632
0
1604711
1982844
2178246
0
1281328
985291
2642896
204524
0
1256870
0
0
428608
1780192
335799
1652291
2240494
942240
295327
0
3477051
360858
64061
0
0
0
3662267
0
1133824
0
3765107
262854
992147
0
1386799
0
972700
0
0
637821
0
2959361
1367977
1520383
1108019
0
307110
0
760258
288639
0
1615752
634067
1466892
2708447
2616396
667175
2179258
0
1485713
1629255
0
1963460
0
2172374
1034161
627336
1220559
1444027
1757497
0
2157443
775744
1619266
0
415442
635401
2026072
0
0
0
0
417060
68896
183877
496217
496527
126181
1791447
0
770803
2240905
992097
1615467
175508
1406123
282311
1485713
2616396
91003
0
0
494508
31894
0
0
0
0
0
1656455
542827
0
991156
606416
1708659
4919
1375217
0
0
0
937802
921156
836470
0
0
674463
0
0
895120
1359588
0
0
1454469
2317277
994559
1285118
0
352212
0
0
0
1287374
1197872
0
0
1526495
1532134
672266
316437
0
1191506
1484100
0
1562998
1152636
0
0
646382
2217300
1109839
7130
1423923
1486839
0
78304
558277
2159395
0
1096278
102756
262371
0
1847721
514506
0
0
481637
58692
1601900
574656
868201
1693996
912021
3593623
0
164197
2969821
2708419
814770
1375161
2842062
0
2219418
2188847
1385548
2270597
3854752
1962847
0
0
1587504
0
0
0
156114
231039
1107370
509985
0
867895
0
2898975
0
742438
1399216
0
818912
0
0
0
802752
0
2507923
0
0
844456
0
178997
0
481822
886594
306299
841217
2631836
391116
1465766
2690255
0
0
0
0
2668879
2448646
0
754956
3301354
765111
0
527441
1456977
1776273
0
249208
2522211
1200216
2166274
1059972
3304359
0
510261
1851852
0
1926282
331449
2706970
615421
0
77901
0
0
807931
0
214418
0
1317669
3275924
489190
999664
1054400
0
1308506
153537
0
998908
549833
1724467
833045
0
0
1647951
86451
79003
350988
307748
22695
1183774
0
0
1864241
789351
0
322489
1515317
0
1532868
499001
0
1709857
2265067
435901
945678
0
0
1720056
1790179
0
1793255
0
0
0
0
697527
870471
896836
1181250
393449
680962
730324
2414700
3479230
2263688
574271
0
0
0
1236828
1395113
1521188
1730619
1709091
0
1289135
917978
10934
826811
1722160
817429
231755
2365188
2800655
1135406
0
741088
2072543
663193
0
0
620314
3502263
2731707
555079
1081493
0
0
0
1439745
16265
2603353
2804498
0
0
0
0
2457434
1778566
1651037
29366
1149335
574656
0
3582053
1332785
1171521
1447877
1217492
0
386723
1643671
0
0
3464936
0
714216
1094517
0
1225416
0
3386854
0
2711361
2093681
3582053
1135226
0
0
1405822
0
431196
1119684
2049770
1789907
1915576
0
705347
9100
1053468
0
0
1724467
655964
3017613
296443
718381
2415189
0
2799341
795478
360949
0
2538425
228108
0
0
0
0
0
2497122
0
0
898170
0
0
65937
1901633
497244
319491
7594
0
489197
1447821
946445
436403
591312
0
1847721
371388
2231287
415022
991879
1014288
1187854
535412
843732
612317
983154
2642896
1410647
1386555
1305893
0
1433213
0
1516918
2538234
0
218585
3615543
0
496527
920026
0
0
761568
3187654
2660035
1361716
762808
3037513
1664467
3336080
2516633
1297785
740079
0
2301797
885502
0
2167832
0
0
0
2776271
1242659
355478
27725
1419606
813087
2929141
388701
425511
267501
2571440
0
1601729
0
1383495
1909176
188150
288958
564956
384619
567557
94465
200808
0
2077231
1881501
955601
2263833
0
40569
3534204
815253
1640039
0
0
1532134
1522693
0
1004718
1892891
0
89749
0
821428
0
932428
2325363
1966383
0
1366214
0
1722160
478765
933088
0
262604
1237685
0
1964627
3272932
923434
594722
0
968232
142042
1349198
1357690
1234859
1636636
387017
308531
538900
1722160
874278
1682750
0
0
932960
2413658
679458
2842062
0
1636636
0
1385548
325413
1184537
0
0
1047946
1058818
2483226
1123907
0
827332
734714
229568
0
1966657
329228
1954626
2121092
1529656
0
737166
1922939
263003
0
388963
2492761
1456977
871120
877871
999664
683842
1041987
110277
0
1029088
2465169
607639
1441658
934595
0
861427
610885
0
2842062
0
44365
0
113981
689215
608379
325954
0
0
0
1722160
2642896
622785
1476775
2150387
1239144
1575602
679177
232327
440381
0
1333172
0
722201
882292
1486282
1722160
0
1469713
0
0
1560230
239252
0
0
1060617
1863543
1634193
37413
749077
982129
78304
55747
534709
1576352
0
1625331
1606124
269383
0
2457
1981031
0
2416586
0
0
2274934
0
3412751
2085672
0
697203
446751
707470
748308
983717
1434807
890194
0
0
343587
0
700043
729974
0
392804
0
932811
397276
0
349899
558441
207377
327222
967995
2554395
994513
787554
1846452
3582053
871275
2932686
471471
147802
1031067
584484
1625895
0
0
210391
2436478
999664
837082
0
559171
1775231
0
1249705
914619
653075
0
925784
742714
1522927
1071411
358012
317891
0
1645054
1606124
294028
1506641
999709
0
188768
1005350
1602058
1002143
755754
410928
0
3799034
1108019
938737
1207404
0
0
0
620605
1168930
3582053
1459159
0
0
721293
611480
0
2875630
2058398
0
2959361
2229304
498078
563551
594279
0
1999342
1251410
649704
1722160
1359344
891330
0
0
0
999664
546918
2776271
1565709
1865920
814608
0
0
2304365
2642896
1494784
1684485
1492296
0
0
0
668010
658692
1263152
2516273
1243861
2764451
0
2562610
405589
1874693
40244
2288387
0
0
1017695
1956234
3582053
855230
1483682
0
371268
2313458
3324263
1672139
1411748
831435
1956885
783181
746192
0
2007849
705644
2359026
1599811
1833314
1046232
1336724
557553
1880973
0
410075
1272494
0
0
0
748308
0
1346936
0
1148495
895119
894865
0
3738
1707296
1216642
160634
972195
437354
346868
3627967
524358
930868
0
3233852
1173993
538920
207961
999664
206282
1157135
403869
544761
187357
384619
756917
944685
248911
1175375
3576784
0
1411441
0
387763
0
1225416
672549
626630
1021452
862407
2386718
0
990513
330286
1379391
0
844449
0
0
2206775
0
949631
2578599
395510
199140
0
3595045
1618983
57803
0
332604
481637
845582
465445
177811
942539
897077
962703
0
0
0
393544
91775
856375
0
625522
0
23165
0
0
0
477327
0
530964
0
1593544
228108
0
965608
876672
921747
0
2127547
0
0
0
0
0
0
0
999664
3582053
381809
957784
2629130
2790483
282275
0
0
0
0
1880307
1281328
0
731248
944367
0
1236828
1870810
1406451
0
2385478
875519
0
13906
0
0
930877
885864
1681755
806072
2206868
0
0
0
0
876043
3487834
1504844
0
0
0
0
0
13733
3091989
967106
1162615
353711
0
0
397695
0
1456977
0
1653920
1089237
1325254
0
3017613
0
1532891
977551
2172548
1950301
512100
788330
454395
0
104019
141172
103159
826054
1524345
0
276524
2189884
0
185758
2020690
0
0
0
2449391
923764
0
0
985089
0
0
934583
278040
434529
0
3582053
1326645
1636284
3161707
0
0
336689
209288
812048
1046700
1863543
1566028
781288
1376932
2386
0
149737
0
0
611270
944469
1173523
258107
1719491
3317208
999664
360949
415900
1290872
328391
0
0
1572056
271661
494554
0
194580
0
800588
0
0
0
1150760
26365
2188867
239757
608944
239526
0
699486
405937
0
0
57035
0
0
0
2897234
943224
2804617
761606
1963714
829387
0
0
0
1848738
996761
1884142
1649563
996817
1063003
770359
0
0
920003
298241
902345
1111138
0
3284514
1578380
237726
240197
0
1630155
2337075
899183
502861
0
0
2542411
689993
1896543
0
930296
1326924
2842062
1969848
1722160
0
0
0
1558052
969576
1227095
584741
708203
1138999
610588
247787
0
2252251
0
990923
459264
1253470
0
0
1581634
0
887955
1223586
425152
780899
224117
862022
0
989112
2525218
399741
2465027
589517
786381
1784993
0
2093711
873767
0
0
1190640
1863707
0
0
0
2174102
0
2452993
0
0
824751
917877
653435
1982323
128077
3213191
995814
0
2021426
266005
774595
297882
0
1225911
202734
156353
1245147
1354152
1080841
1909923
332098
50463
0
532838
0
510799
978678
74295
2185410
0
800950
445651
1938060
0
136249
0
478264
1430170
0
3582053
0
3386854
167505
1866022
2566269
858463
2296280
1783474
1563973
0
365652
990259
1707224
831276
2798375
538250
1433816
2539398
0
1785239
1750248
684836
664873
0
1847980
0
2222825
1525469
819624
1727909
191549
3582053
266477
192683
999664
1855191
108130
1703606
0
1018258
1398554
0
0
1123308
0
123822
964466
1602180
1212807
0
0
2295718
912097
3854752
2652805
2949633
0
1280752
411735
14941
693877
1148041
0
1260289
3062770
199664
2290253
0
128858
266614
885871
1079743
2894763
1912596
308980
3582053
2600003
1271915
340628
1005882
0
0
522019
1863543
0
1467041
21962
2816211
0
1421132
0
1476064
947752
634129
1253319
1226203
1260694
3595045
1357690
891111
1493113
495212
2984496
1679990
641871
1554676
218116
0
513973
0
0
0
0
0
0
0
1965211
315015
2350369
0
0
0
0
1593356
720629
0
900734
623546
322451
430691
605817
508944
0
872592
3386854
481857
0
955881
1787255
631301
1674267
0
1695227
1097622
1724647
1985551
0
378566
2177916
1796675
1495862
1151039
0
1114186
1596599
366168
2288358
801741
471760
1614450
2842062
39345
3050387
1016522
893623
2535469
614654
1812628
44365
1451930
1997561
1286283
912110
1111550
160425
0
1724467
980853
2300875
0
0
0
38702
965069
939707
958899
869699
177024
3295866
1270587
0
1210657
356650
0
2413320
1572056
0
1597626
1344425
1692769
0
891791
0
0
283412
2085672
217459
146481
494792
830216
0
375748
1378610
856982
2539077
0
3615543
2056983
2116251
1656267
986594
0
0
878583
578646
901989
2966736
2346232
936327
2959167
1809356
0
176838
0
1572798
356075
0
316056
1999615
0
1751464
0
586677
0
412601
722267
1123907
1186803
0
256505
1929421
0
0
0
2553072
51027
1682750
503347
943035
1349198
0
0
0
1297726
0
1327995
820927
0
0
1995340
0
0
718292
239526
378999
358986
665078
1978361
3244343
964976
0
1272469
947922
1054862
0
0
700282
1518636
2920039
81381
344939
2316327
2886991
829848
315865
1801836
999664
83213
0
2290253
0
0
3336080
2390637
0
2925206
2867452
464756
1157545
1227118
898647
1300113
0
1320588
0
1814423
1910315
899921
0
1275846
0
0
1338311
93562
1951247
1722160
1327493
815345
0
1424150
998465
0
407534
1712511
1456977
484777
0
0
0
999664
0
1586586
816485
1086743
0
1572710
118210
2390637
401629
1029838
1373137
2483499
1783093
998908
2062064
1827937
1639099
927388
1089092
0
0
0
3582053
557232
515851
1392111
653881
0
0
2842062
584846
620294
0
0
748308
934941
1639511
0
1086469
2257164
0
0
1018722
635100
1874737
0
2677786
0
774837
1934046
2251477
1965211
297882
0
2724899
0
522839
0
0
0
2347634
0
1178436
1553037
575926
0
1884142
600174
999664
963756
812444
0
0
79220
0
0
1087266
0
1891475
0
0
2573815
2762458
3614312
749353
714171
1861117
992874
1510090
1290246
0
142464
1590244
1138398
2923559
715662
2636163
764580
368780
297604
0
3050387
637854
580023
0
2888567
414907
1749551
1153761
0
806319
1953363
907030
3279109
0
0
1329984
1110269
39466
1575058
0
2242945
299311
0
1039570
0
452912
0
1864151
33024
110595
0
925364
0
0
0
900802
289197
552830
0
449082
0
24876
0
0
1554300
866000
1119126
0
2811966
152302
2083238
0
0
0
490588
1894971
999664
350490
0
0
2780159
0
468954
798193
0
836600
1553649
951214
0
0
0
1885826
94996
0
204187
968232
3386854
0
0
0
978940
446882
280031
1375503
2230241
1085449
0
491014
1713515
999664
905965
1433330
65637
2125442
744257
0
641513
2842062
0
1281376
0
0
0
959613
610092
0
211820
0
935139
805654
0
2006153
1593629
926468
2406765
1853647
0
879509
2521865
2959167
2524070
1445144
0
502129
1350416
1251047
0
769877
2172636
0
2778567
379822
0
0
0
0
2627687
0
0
0
649432
2895304
1456614
329236
0
1375120
944448
140009
435146
3547427
0
1724467
1863543
946681
0
355415
0
566452
665440
995749
1020464
881491
0
1863543
478760
980809
1778566
1270544
0
0
638403
1518667
661907
0
697134
689231
0
2479929
1151155
1670833
1982844
453256
448347
0
765735
0
548694
0
1965211
806319
217946
989999
0
0
999664
11414
0
0
3214120
2281216
2348607
971726
1772114
1162355
0
2056600
353934
1201883
1863543
22131
2061635
0
986317
1547451
2008410
0
0
1910614
0
2375105
738943
1058818
0
1202766
1884590
1085211
1393240
955601
0
1267061
1225416
58662
2186835
0
3337021
1925844
541188
381319
0
1188400
1049798
1854395
0
904636
0
1609095
174266
2451037
2616396
197205
1708659
149781
1362071
1426118
860680
1490174
0
1283289
0
1924820
0
2797
1783093
1332226
873767
0
1222349
1483662
0
21857
63732
18357
2875630
1265068
0
0
0
1678521
1925018
754641
762953
0
3685673
1485069
11383
943216
2435264
199140
977313
1316359
2642896
0
0
0
0
2826609
1469075
0
528453
882568
1394060
294443
1619266
1488000
1625895
124258
0
0
164971
12522
1552077
719111
0
0
993999
2819761
0
2198214
1722160
2498667
3000085
345608
0
748668
2842062
0
0
1382077
0
179362
522839
633533
1071904
2172864
1067304
0
0
1602058
0
0
0
0
0
20797
1049733
532523
2498581
0
0
698558
76790
0
0
2731707
