0
0
0
856147
0
0
904566
0
0
461607
1321045
111956
0
503644
0
0
1466823
3258784
554148
384164
825620
0
979986
0
1101249
0
472214
999764
0
0
443278
1295750
2500148
1179515
625037
931553
1576425
2239807
845652
2277935
383002
784531
546822
1227473
382245
2139345
847691
0
0
1324905
1995229
0
1746719
3858234
0
2682996
96652
0
0
240661
0
0
1700790
1521222
1430350
0
0
1461586
2233498
0
1636664
487362
195239
1230363
0
1412143
2370904
852717
0
0
195285
70657
1619101
0
1993297
2124450
0
0
698980
132247
1030360
0
512250
273291
0
737633
0
162401
471533
19079
0
1233185
1675277
270389
3858234
2151103
254731
1031961
0
1787520
1744397
921782
1600245
2887157
1899475
1909556
1139433
1288807
543533
3583044
0
3172986
2078385
1091671
0
813974
0
2027079
2429998
0
107445
0
404366
0
2589634
0
115156
1363752
1275717
902604
1725302
176504
0
0
809274
0
988248
1387756
807767
1127733
1134556
1408783
1738212
0
230747
226243
1456709
775283
1619804
1998540
0
2437137
1166547
0
0
0
916064
0
510733
972876
3858234
0
685153
2562710
894628
796505
970711
243674
198995
0
623253
0
408323
0
0
1547097
1484230
1136874
0
1915598
825321
0
0
54231
776258
0
2910270
1036292
0
1434429
2048736
992148
0
1647572
1771795
3592467
1873378
1473987
2024521
754317
1609830
2888846
0
0
182590
522998
967022
423961
176028
2422233
2535556
222137
1502905
291198
0
1742277
0
3287116
0
2949919
2365528
0
908801
2130011
1599409
419648
500718
127900
97988
1161498
0
0
562055
1954703
297227
0
0
2029213
0
0
0
0
0
2521645
0
620058
1324803
2712807
0
1467197
1904705
0
0
3248830
2862142
0
1899475
427517
0
2812289
425594
2329091
1116708
1836466
2530302
942811
1421733
0
1648284
1140827
218898
0
0
0
123079
0
1774554
1422606
127124
1649439
1760658
2042810
1619344
335772
1771788
2633026
1599948
1288648
1447703
0
0
0
0
0
1184877
0
382404
1900448
3212410
0
1228937
0
0
667176
3304229
0
255697
0
0
0
1277468
299078
0
0
0
1921876
1861816
1751056
0
2851117
581766
1899475
976162
237180
0
447359
1850353
1790445
0
0
114003
169410
1547408
1886234
0
2987928
133318
0
226242
564006
550690
1417263
1796039
0
196537
3293524
217288
833779
1968416
3065211
742735
213529
1517383
0
615702
636939
594976
0
2572642
869443
168038
0
1030161
994248
0
0
1891016
2090517
3698288
2658260
3213993
187202
2463680
1651942
0
2830464
0
1238644
992403
1915471
980648
126084
1439687
821702
0
517833
0
1175544
397903
86771
709880
265415
84975
2887157
0
3515216
119554
1233331
0
1535820
0
1319775
2220280
0
863787
0
631183
0
501406
1049717
685626
0
0
1482231
1372356
0
0
1258897
745986
1542212
0
868942
263224
422335
429208
1792705
539368
2905025
1912860
503408
0
977544
2751753
0
971851
2632682
600166
1311741
1882431
1832275
287676
1101179
62650
0
0
53422
0
999822
1862739
1595779
0
0
1264332
863125
1730080
583344
37792
999822
1055715
0
1386026
658341
403826
3698288
0
1146845
0
3858234
2442394
411516
1690566
763298
1680506
1906462
1891100
649142
0
3210026
1656118
0
0
1166474
0
0
1242641
1327128
283358
1702003
390847
1512336
1112404
2482326
0
1962336
802760
0
626916
233349
2327969
1303043
1453397
0
0
1134352
1287465
1672172
0
395758
1772000
0
301775
955276
997852
923700
143904
1118388
136151
1929820
3725526
0
1207571
1119921
292223
999609
399582
0
1583130
1279029
1321332
1420456
1173529
0
0
1531665
41724
0
1677445
1802254
1337199
3676131
137714
0
1753244
401692
0
1201020
1187037
947175
0
0
863837
1107928
1053671
1256211
2821117
816463
0
0
523999
0
261750
1612247
1972937
0
0
203630
0
323547
1606035
995931
465499
0
915755
0
276120
2446793
1022237
410033
639262
618065
870296
1049147
2374927
339721
449347
1419928
654744
2037323
1763532
0
1927096
0
1710701
0
0
0
0
94361
2002268
1142377
1233681
0
1576819
1633910
0
332386
0
448305
434678
2852158
2874531
0
175859
305305
1995111
3276732
1666869
1085830
1523308
0
0
512601
533394
2114328
1454817
0
512689
843592
672782
2684336
1906598
0
1281457
0
986638
1470101
1589564
0
1814433
244100
757800
1380264
519302
0
0
920482
252199
0
0
993010
0
0
1120785
941368
560869
0
0
845520
2494815
2526121
2421141
0
1232261
0
2281954
0
2011238
0
0
2492113
0
594188
33496
669568
1596586
2905025
0
361418
959153
764521
1453028
748944
1278339
2900566
0
0
0
614575
509671
1155273
1627725
0
338264
1407576
3022639
0
0
0
0
1038335
1496301
788155
0
0
1930671
3595622
151241
0
1475821
0
1439483
826698
1968295
1094011
2766214
3254140
1242101
760201
0
68974
2236959
0
1304416
549534
1181502
620856
0
0
1917412
933644
480951
624055
1804864
115682
413562
577394
3699930
0
203374
447586
977903
1390075
878313
0
0
0
1647217
567988
1995622
0
1557572
1668959
1920260
1313163
0
3858234
0
224374
2901184
0
0
268449
0
3209283
0
1088636
998248
1031573
0
549534
712142
1146565
0
1523839
2875156
0
56634
590559
577118
1627843
0
140140
0
1630422
978682
0
0
0
0
1486989
285765
0
2714825
2553521
440027
0
1026412
592573
0
1264909
715959
504825
3382882
2185895
992701
2378747
0
1067592
616528
1734636
879808
1434730
0
1861329
0
2518620
475222
424265
3461988
0
0
2317469
0
1320776
3621788
933076
0
269494
1753294
1393489
0
1095751
807767
0
180940
0
825868
0
1032102
815372
2765438
831279
1133794
2887157
603903
1740397
1577125
626208
72899
0
686134
1670145
989004
798254
649763
3498657
264053
0
914182
0
585465
3592467
603327
299180
0
1727103
0
2544938
759279
0
966688
803767
945972
479489
1716279
1257675
0
2357819
0
607588
1350399
988367
0
944088
139712
3092609
776541
2904153
517437
0
0
1899475
766470
582961
1317123
1479968
2064343
763404
0
1828179
2887157
2272278
1610339
266786
978470
2282742
1521593
2135712
1941048
1671501
0
3181572
2325441
2905025
674527
0
997852
1585444
0
0
1018544
0
903192
0
0
1955132
280881
2360028
882358
1637595
2040404
149507
769141
465714
67673
994232
0
0
1168945
1851580
844725
517030
0
0
661897
996240
965265
0
2306426
0
0
640326
0
0
0
1899566
658901
195985
0
0
2911256
999822
2041093
1012103
2325274
2999876
240806
266792
790459
1275835
0
2399443
1532156
1596772
0
1384606
1526728
1627521
1969998
2684979
0
0
1259146
1726267
2930169
680666
2612394
0
991912
173880
0
13793
0
543176
2879856
2399811
1802226
1377561
108938
0
809010
0
0
0
0
0
855311
676550
823747
0
0
0
0
397271
361913
1529222
0
946830
1526179
1244236
3698288
1229176
1617532
0
925469
0
0
1305378
1275434
2261896
252400
2841892
0
300380
2150480
776541
0
1792705
1404260
965167
0
0
444744
411690
361503
1312592
0
192905
0
369914
0
2099455
0
208432
0
2789752
397435
568326
1137700
857504
632854
3017134
45960
0
3858234
0
1104666
1063606
0
0
3266303
389884
454182
2318518
843883
1785099
1383349
814019
908935
1030669
334870
0
1160778
2327738
2391502
1858675
476072
2332466
680200
170095
396193
117679
0
1115677
0
440837
0
86890
0
1938633
0
560493
27615
0
2127698
0
2760840
2404884
990866
1882801
1774351
0
1726953
1972675
0
1640177
0
0
240892
245021
418376
122173
1826188
533687
950242
2179349
1476623
0
0
0
0
754320
3020695
178311
497616
1713913
1456604
995910
3477624
575609
110688
0
0
2421709
1872170
0
3698288
2008998
1658290
1961246
269566
263711
0
1168645
993808
27230
431653
684966
935556
1725199
2368941
0
942675
1237927
182689
2647463
1452678
984731
748595
2341458
0
86119
22343
703756
2073516
2176249
309694
204114
143599
2595757
184910
924845
0
0
721240
2332621
0
193471
0
1944088
2035482
3595622
345909
2011871
3775465
1816568
1685055
149661
0
576532
2005174
1028005
378740
232826
1104665
0
0
0
110614
2895302
0
400445
406055
989557
0
1858675
114512
1524218
1578090
1336039
628940
0
2674577
355073
1232382
0
0
0
432163
615961
1600985
0
0
567222
1706700
604367
3858234
691399
1268640
1222767
1974166
1215916
0
1647672
304989
656318
0
173375
806785
1474959
0
898658
0
1082680
328524
1833407
767718
2684040
89536
871925
1783138
856331
210745
53919
763309
231559
1804570
735982
3660609
722328
0
2318533
699378
1763614
0
0
1162943
0
0
2262002
1719915
1493944
0
405815
672656
0
3297830
1260507
0
2037323
2023463
996219
0
0
2008057
0
853142
0
0
982085
1563456
2272231
0
0
416968
0
78143
0
1703353
0
0
1385489
3499962
1927096
2383438
1215056
0
1087034
1332921
0
3682242
1116555
0
1542332
810880
2367208
177426
1641718
1625063
1593687
3565246
2586243
1495245
1535572
1899475
312887
490450
1768327
1119703
2905025
2535556
121447
234104
1626480
213800
0
364388
832269
730835
2413653
342439
693829
1512336
1439390
977186
1130836
462016
0
2733896
1935610
0
1863124
922607
2900566
935283
897191
0
0
2905025
501395
1123197
2916615
1354447
3703910
283805
834189
573533
0
0
0
2337044
2299470
0
445909
101655
1224905
1669515
1606035
0
2223432
754983
0
1233109
0
818133
524187
1235132
1398919
1637353
0
2353787
0
0
133216
0
379000
799495
1476477
0
1290216
407169
2413136
2701342
566147
0
0
0
802593
0
701128
403031
0
149598
927792
0
0
0
1212466
0
100893
702650
98844
1487561
920632
680590
872197
0
980935
1531001
991703
1637093
0
1136208
0
1399129
901271
1535629
2333821
429052
0
1425220
0
0
1660501
0
0
0
2040200
791997
287661
189217
1574441
0
158773
0
1731958
1953082
701155
0
559745
2887157
0
676076
0
675436
1713844
312876
1099195
2225065
722597
1045176
441831
986903
1515343
0
0
0
817775
184438
141706
744580
794689
74659
0
725798
0
720770
1960236
1391920
2887157
172311
859915
3276545
0
0
709692
389855
561503
0
611167
0
1787352
574889
0
0
0
556382
0
0
0
2786099
2632179
1023009
846320
0
0
1634692
393209
0
2183918
1306256
774038
0
289280
470914
1775333
0
1101305
0
550770
1225288
0
521610
0
0
206088
138876
525889
1364386
3909768
283192
1681787
886436
1899475
0
2204787
0
866940
1832056
430933
2270665
0
0
199072
0
845652
0
1016974
909098
411339
1578503
292254
2326420
1472267
341599
0
1336279
0
757475
1251781
0
2906062
1486678
419730
0
1109127
0
0
930057
895427
562653
2166387
0
104052
0
2283825
2372475
768714
1990657
952208
1191101
2903729
904781
557355
521277
369504
0
1312289
1483237
192622
2439553
0
0
1493699
1455080
801992
0
2544014
0
0
0
0
0
1965521
0
2887157
586649
366924
0
1828180
21194
2576680
0
0
275796
1991098
274982
0
1920346
0
1527814
555682
859253
1812021
0
64619
494643
34584
231597
2543752
757748
0
0
2663290
2304171
1524605
742060
0
0
976533
786877
666385
2927915
0
614274
0
667918
0
1901001
0
0
0
0
0
981226
135386
1397146
0
0
1358572
1442377
1709196
1150190
0
1067009
0
1583722
0
17079
0
2786099
0
3098316
0
1176634
407137
495252
0
1784183
1039094
1702011
0
723664
0
2620023
1397957
0
98693
1704924
2976858
1565903
0
0
0
0
0
3181307
0
3176328
0
0
0
427765
3582172
2577208
3133960
768069
1927717
932764
570688
0
0
1321500
0
507215
2584990
749114
890815
2021975
0
46248
1193303
1703188
2137951
0
333979
567218
0
0
1026394
0
2146609
1310681
997852
0
0
0
13583
326458
1539385
2072753
0
999822
1139287
1274556
0
635482
2668574
517653
1405246
2574854
0
996456
607395
1514295
832070
741123
1306753
0
0
495737
1823039
936952
199801
0
0
0
0
61246
588795
0
934107
0
0
252703
361913
0
3077409
0
1897189
0
797489
0
0
0
0
0
0
488177
365571
0
661696
342300
0
0
0
1147653
540940
888425
216382
2887157
999822
0
801723
854482
1908702
1158901
1804864
0
0
1726686
485125
1642044
0
2055868
0
0
607985
0
773298
970676
839945
318165
549645
0
1228260
0
0
1408783
663481
1159322
0
857146
2394182
1453309
0
221906
0
606291
152671
1453565
3793497
226948
404691
3698288
1441189
837645
1417239
0
956569
1222596
441456
1951816
0
270280
827999
0
776318
0
2912940
365222
1346604
2905025
2747044
0
2566
0
968001
86199
0
0
619028
2252043
614459
485155
0
1266309
445030
2242153
1382583
342100
87540
0
2683418
0
1544046
0
492335
713696
0
906625
639132
2650894
849477
0
0
768645
984341
518410
0
2887157
1196801
2680818
0
2442394
0
1929417
2461625
1188549
797247
1983769
0
0
1122468
0
478981
997568
0
495913
63698
0
503453
1085233
1718233
106378
1077279
796760
40395
0
1951816
1983017
391963
995807
681261
0
840367
435848
2831589
0
2407957
522837
1397358
1073711
664009
0
252331
1899475
3527685
1899475
1405898
2240258
0
862480
1725302
78189
0
162580
780405
960130
2018973
727228
989173
3453449
1323806
656003
285283
0
0
1660069
267465
3267862
1513041
1463318
1740061
0
0
0
157024
2010701
0
1314984
0
487392
0
0
2654690
1153615
462680
1138201
806390
1834594
968407
2770048
0
0
1926888
0
1988782
1349758
313131
1228824
859585
1940888
146984
626794
1319479
0
1184312
0
598798
920866
188244
1446655
480023
2972352
1100937
2539055
1111893
616439
799899
85805
0
3229680
0
0
1450018
309448
0
586245
1156553
0
1438288
852498
808799
964895
769803
1115794
1551016
1929734
0
0
0
0
987686
0
239224
46985
997852
2087691
0
2620023
2878594
1235401
0
304583
0
552413
907916
0
17047
1686616
0
2445713
370838
911972
1689822
1214924
2190662
1659630
618914
2017336
429714
1527640
0
0
671946
0
793376
0
29285
0
908749
805535
1751900
2074029
768474
2099639
0
777933
3512915
501793
2159648
0
0
2293154
988493
0
789004
2170656
0
0
0
1290566
201420
1120256
1712689
2913214
0
999822
1513452
1466447
808985
1040727
0
0
2828641
466107
941310
870771
1824731
346837
0
2389474
1103542
0
269264
16088
0
818284
0
265198
997852
1019011
1585245
0
81981
1989237
0
155583
1637554
555434
0
1486989
727006
730965
0
2248628
0
0
1176474
1008137
0
1300978
0
0
651748
118996
2098294
123242
0
0
3709875
794052
412510
2645478
467155
574285
1333189
0
0
944161
268299
2557638
582899
1624675
0
0
2262784
0
236301
901925
177094
1224554
2255141
0
998646
1107124
0
1712929
714257
521475
527776
0
651588
0
0
2712807
1343458
2265565
495684
0
73490
0
0
0
0
889016
1558547
1389007
1307848
45346
1006102
958202
1729153
1118388
1431023
3097312
1640756
595520
311006
2286893
750783
0
0
682934
1899475
0
0
1207601
527189
466133
304567
23429
0
0
3378677
0
3687427
909330
637615
0
799392
1917875
1388350
3059701
0
1657276
3006015
482194
0
1011191
623130
0
1951816
1355572
1503690
816347
1558048
659272
4904
989706
1013053
2155395
928613
0
1574093
1293144
2059028
0
314316
801141
254748
841918
0
0
1385489
916260
56970
0
0
363172
0
0
2231516
999659
1944702
1079367
0
0
1946395
539293
0
140068
0
0
0
1340952
179062
77541
0
638503
1257746
2676998
0
508700
1532145
1509567
0
0
1045862
0
367042
0
2646440
972678
1899475
3858234
0
1546357
751059
531285
1776380
2458173
1341289
1825752
0
493417
0
559161
0
1845057
0
2347955
3491861
1071490
975019
2278575
1617017
0
968257
312924
361503
1500761
641016
1618489
0
2590354
438307
593482
682230
0
0
873535
999800
406610
1562568
521143
531840
511029
1601877
0
833378
0
0
517799
1506264
1075105
259255
1109384
997173
2326129
2303034
874546
1844288
2176562
0
0
0
286321
0
1918774
0
0
1392551
0
1742399
0
2188352
1296097
218051
1899475
0
0
0
996298
193155
626363
0
2635008
2538884
2142473
237873
1822643
1286387
84781
0
0
0
133977
1921530
1113406
1086890
0
1812111
0
947827
0
0
2170883
1630070
1055281
0
0
245021
974669
0
891775
64398
773293
0
0
0
1735514
0
0
499708
293497
0
2592609
2464435
2219630
0
626177
1273840
1289640
316563
2349974
280296
66291
0
1530476
3363900
1542332
0
331989
1737479
0
2119837
0
2621202
0
1426787
0
0
464811
1311707
874803
994028
2027300
1276922
0
2267451
1279540
0
577209
1878317
683528
453693
424133
2887157
0
0
564088
1595438
1313550
313349
0
759673
0
2259
993510
3037480
0
1975778
0
1768853
1444147
0
0
356817
0
3150374
497631
1266560
0
462309
1258021
1127086
0
381483
0
0
1010137
565942
0
2040840
954126
1545728
2795087
1082334
0
0
1707364
1412708
0
0
3610517
486491
0
537101
0
827783
555382
3341316
747318
1899475
2833234
1740848
1967592
0
0
0
0
1743201
0
1762040
2519545
0
924656
0
1102605
611690
881461
0
0
2350562
3071162
0
525876
1229176
0
2387653
2684503
994579
518673
2266810
0
275020
2030261
833164
970595
2133338
1694212
702666
854932
0
297212
1381012
188835
803264
385962
0
2949472
1465771
1455829
2894938
0
2632882
0
1303394
1845135
1411530
0
2409662
0
1238326
490653
0
0
0
993472
3186260
1378372
2488291
893341
872694
0
3129529
365249
61839
2222422
0
851324
1565237
0
0
476085
137222
3242114
3667050
0
305787
1565408
1781491
1322366
938380
0
1996260
2808607
0
2970295
1961584
1481632
1825349
535094
486751
3031301
0
1381395
1116841
0
3237512
0
1445798
327581
2067616
0
0
466788
1308056
2418465
666524
0
1498025
0
705685
0
0
0
0
968630
798323
575769
2196904
0
2330814
0
540440
97991
0
136246
667913
539293
1260057
953768
528701
0
337446
522456
1475318
924979
799572
0
1228613
2396640
116410
371445
922674
2677176
0
0
0
1932070
2783594
605546
91329
687120
717913
0
941912
400166
2303667
750713
3497823
71511
275011
1309635
0
0
2446555
0
0
456598
1283593
1224509
681414
1123872
1347653
0
3165041
0
1951816
0
167140
0
1612285
929864
3430139
2728301
1877125
639012
0
156882
770571
999822
2566742
0
1689440
0
170990
102958
0
1412111
2117755
0
873419
1307897
1434351
1076104
0
941912
741396
1270062
1356991
0
1567160
2448289
0
2246804
53156
1302928
1322842
1161929
0
2059009
1127038
857670
653564
2040351
157276
744780
1315278
0
0
0
1502610
0
1360673
1333698
2360147
1420571
2785393
2021104
0
220081
0
881840
0
0
320147
1617017
1293346
395393
1045876
0
679548
1951816
0
138275
1335781
0
2313189
0
124150
2001160
1963822
335703
40116
2107465
0
0
942961
0
971896
1179425
503336
290093
644631
424689
1573656
2320958
1539145
0
768501
955242
1393806
1902287
81640
0
466321
3407483
454360
2716448
3858234
3849928
2853680
0
824903
1192793
0
1899475
0
1499055
762124
1823219
0
745546
494611
78766
473051
0
977525
1912972
1098377
175126
0
0
928613
0
0
0
0
1631452
1690174
0
2489678
0
327365
0
0
0
1430647
2179773
9185
0
0
948631
0
0
1899475
193567
73346
1741949
0
442673
201176
1000076
1594230
0
1001337
576585
218839
818800
0
0
1193887
852928
0
1951816
0
0
3836921
0
908210
582832
2676974
180561
2453925
203360
0
1860417
423975
2418417
159453
0
2563372
0
0
0
0
0
0
1325070
997852
1172558
0
1045530
1027976
0
0
0
14471
1819626
2887157
997852
0
1907507
0
782328
208211
1472627
1528325
2905025
687453
2275673
3416089
1158674
2095400
1159081
303502
695242
510279
1420379
1899475
1337604
0
1558284
0
2151744
778779
0
515543
253017
596621
968630
0
0
1148897
62387
0
1622818
844860
1554155
155824
0
1123984
1578090
194516
1627326
2358938
1524483
1611154
954738
0
211822
642718
120961
3369246
2005718
716742
0
1029605
1656047
2181398
776138
1289507
0
1623744
0
111185
0
0
0
0
1272917
467860
1285021
1343106
1899475
656127
0
0
0
0
899974
1300221
36878
1330128
1022616
184752
1468684
3858632
616170
1169292
650431
1488347
1093201
1666870
2146609
2347131
0
0
1082650
1466326
53750
1252923
913202
0
2489044
999938
327256
2301852
3847981
0
930318
1156685
382433
371292
3755560
1064228
2794729
119542
747387
3798713
1786336
1724101
770383
243813
0
2963415
0
2397735
1060609
0
2089515
982285
0
1712638
997882
0
2620023
0
466788
197314
275929
0
963786
1430663
0
1853024
621290
930885
1804450
682854
0
1830137
3377960
0
3264292
0
688037
0
229291
405978
1262282
521515
1529665
1501537
0
478243
0
1090826
474961
1189515
1146845
1365956
184698
666470
939664
1996109
234304
958387
0
0
0
3437984
0
0
0
238611
2164375
0
2741644
0
851434
1434236
888383
0
0
0
0
2687052
197673
620032
986214
0
734030
595672
1562455
649143
0
664009
702079
807993
2725176
3114364
902779
1034493
0
1685227
952325
1158534
825721
0
2075899
979986
605402
0
147311
841591
859815
1966895
577362
131990
1427641
795955
894093
1389555
2283728
85306
0
0
1363711
50758
1029446
0
890804
1513073
2148956
1651413
1513593
0
819140
1230062
837928
530031
2217653
2725864
2369827
0
1537506
186272
0
558342
403575
618948
1424138
1842753
0
3263080
0
1694919
593647
959594
714257
2689520
32126
839412
0
0
1807649
916328
0
2075428
358768
724912
602531
0
988275
1105759
0
0
1627209
1423332
2422539
0
0
1679085
1183265
1720039
0
3213037
715621
0
1327610
322576
0
0
1799212
2212655
1545998
0
955848
0
0
583487
858186
0
0
1875763
305514
0
1452687
0
384681
1640794
0
0
2620023
0
417833
2103449
0
0
1600284
0
1429136
725571
2841323
0
747530
904698
2172604
44067
331647
372922
1777696
554666
0
2160265
158187
378676
781182
849789
1510196
228752
805982
999822
1734144
448254
2478788
2769928
0
741397
0
1191905
1611126
0
441480
0
0
1424790
0
2739453
2221075
1948375
742305
1040369
434801
731851
2011273
126620
50472
0
1744515
618138
1523836
892640
109525
829364
750185
1647556
1235628
2905025
1335969
1527195
2345573
645666
1447368
0
2784294
1197794
0
2230394
1471869
1125060
1783452
267322
1705808
449977
0
2742348
0
0
0
1545061
0
0
1657327
0
1062221
76713
1048965
0
0
463496
1454581
1968097
0
466847
0
0
2609835
0
1196197
268362
2334748
286504
875613
1529
1428825
0
1644561
781737
0
741890
0
1191018
636319
1130870
986685
0
0
556028
3244089
631348
2756708
2030348
2838506
1377496
0
0
0
1805673
0
1016840
0
0
0
453438
256314
0
0
989557
0
1797748
979986
120876
0
0
0
1734539
1666370
1245864
1072319
868897
0
258401
627657
937433
880995
2891799
445717
173658
0
2647539
0
0
0
1481985
1555548
3710426
0
1752857
1944417
0
1928397
0
2679984
505710
1460684
0
384728
138835
0
651355
943875
574578
1679419
1951816
0
1055478
820598
499632
0
0
1241815
704634
1471008
0
0
564646
467179
0
2425667
2196756
0
1675178
421741
28429
0
876356
35912
1105355
1632284
2574143
349347
590806
0
2394085
878705
0
0
0
1484409
1095229
1398923
1841416
0
508970
1936599
1479264
2262658
0
1069541
0
1277478
0
996590
1592979
1852861
119946
2826341
0
841099
1090025
0
0
0
1603076
1069421
80315
1759022
558790
1625677
416095
1265034
3497835
27755
1553987
412875
0
507423
1747677
0
0
2260441
447062
1668935
1517427
691448
0
0
971439
0
599707
841825
118322
752907
986008
413463
2905025
0
0
752239
1096566
0
870766
1200158
1319816
0
103190
738928
819340
2423896
0
2834861
1748154
3702009
2153149
0
718124
1240405
1969219
1974319
0
1904277
0
838097
812751
1548940
0
809043
0
2905025
123108
815440
1197699
0
0
0
418946
2486920
1510179
0
470914
0
1616373
2057306
1468131
0
2247016
1781491
3469680
1511341
765968
0
0
938218
1415989
1552121
166865
1641438
1037613
0
252751
0
60895
546924
994166
1939503
2219387
1715957
1059818
0
84820
0
294787
0
396669
829637
2107990
1712294
0
657816
1893848
218384
635482
0
161262
180940
954171
0
1776681
0
0
511189
546723
3614990
528261
1166806
1295197
87816
3174337
2831822
2887157
182069
0
0
2887157
1018172
3382710
1063437
0
0
258147
992319
1064106
0
0
3353969
0
1714736
1144846
997852
0
375432
0
2370904
2636347
2882254
1849074
531112
1781491
0
827183
0
0
1744397
0
466301
999010
0
1661080
0
0
601291
856675
3341441
815775
0
2218622
0
0
326736
252931
0
1304416
2091240
0
904156
0
0
146703
0
454478
1035513
0
999794
660377
1829668
1962894
2514548
332286
760817
0
2453451
0
0
0
3779173
0
547577
0
0
0
147003
851444
0
2220414
1541049
876805
0
792603
0
2107485
686424
194535
1340759
2736035
1708022
0
0
1794260
1149756
0
1720815
1429968
784277
0
742397
0
1476272
994231
1377754
1784524
982159
523569
2589733
889150
1744997
883447
1432669
1456858
354054
705327
162615
1023634
0
0
640139
477659
852809
1820862
0
2458661
1640666
2287085
0
470268
0
472033
0
0
0
2721827
297985
0
174812
1867086
2198018
3522749
2520904
0
2143746
1264095
0
217288
784675
1072286
2216811
2977938
0
0
963786
0
1899475
0
0
0
1654950
0
284792
862200
330042
1383260
1726958
0
0
0
680897
2020892
1972677
0
2707432
1294056
1845995
0
117840
783102
2710045
0
1047922
0
1761567
2176871
1640383
976218
0
538042
575269
976620
0
0
81423
3698288
1166278
263489
697880
0
983490
474494
0
0
440817
0
815758
753276
0
1567021
0
1797103
1258020
78430
1258692
1990275
3489648
1236607
2711347
0
631715
0
2887157
694385
0
0
1399223
0
1681139
916765
0
1054644
999822
1280555
0
0
2827454
0
1915834
0
966275
473848
321995
1719360
183435
1490886
948422
31020
1660492
522481
983733
0
938507
2905025
862957
742053
2181185
862039
0
1394572
1831720
31767
701463
0
0
0
898794
1641331
0
1102668
756820
160437
0
1528576
1306942
0
990484
2148640
0
398300
0
993010
0
342230
2510496
207363
1760245
319395
1169371
0
0
1557572
3698288
0
0
1563328
652321
0
1887760
477766
0
980444
969177
0
0
1182790
994579
1056171
860989
733272
63500
0
0
692121
2608275
238034
0
663595
529048
0
1049530
798345
1090826
50044
2425970
207340
987656
3632931
0
0
0
983569
57755
0
0
472231
1403563
743001
3150144
716743
246756
1122225
1342109
1982744
2131171
315224
0
0
1539145
99823
1832190
213688
0
691307
526579
0
1780423
671410
2438860
2410814
0
1234775
0
1528047
0
247207
68106
532833
437933
270613
2798831
515747
1169455
641987
413157
2859813
74940
0
3898856
1528238
715617
0
0
1087693
3366228
0
1773471
764526
1583694
12661
255492
0
2579784
0
0
0
1253353
775035
631430
1899475
0
2998643
562697
0
3463745
1550003
328108
840152
300563
755340
0
566767
963315
1568106
957944
403575
2186304
1363314
427817
0
900785
0
0
436779
0
303548
1073933
603453
191627
1771176
0
0
1494147
2616700
750959
2893502
915116
0
1107819
1899475
0
1069211
0
0
0
447753
859817
750861
0
997852
622450
1826950
2905025
916835
999822
2867251
14562
0
1288217
1766285
271127
0
816555
518957
995644
1951816
2219630
0
0
0
3136879
0
0
1225074
0
0
0
0
1347463
517568
0
461040
787401
0
2457734
893023
2447008
0
201805
0
549934
885000
0
2015960
913913
1119328
363994
1642178
0
300230
1966169
772855
0
911507
2175331
0
689132
2003785
1581866
0
0
2151111
0
935955
1219640
18860
167638
999822
0
1868725
1667087
1034077
0
0
645414
1510728
688782
1208835
2005183
843939
0
126792
373502
1449678
1862512
842365
3202850
2994302
2231485
572381
3443033
1138570
769635
0
0
231008
0
1562637
1223354
3153233
26482
913151
401014
1170250
1270991
1899475
3153893
359178
0
1591328
0
1360559
2028893
91699
963283
1798258
0
2319099
550770
2367461
637032
0
139645
385684
654192
368096
0
0
0
0
0
2622772
0
0
406683
1421568
0
0
0
1957664
0
0
663227
1221159
661877
1237500
0
0
224205
0
0
2887157
1895418
980559
1333537
1549154
0
446106
0
0
0
678421
824823
1218644
0
300578
1267548
0
700982
997852
1030498
0
2964890
1031961
133823
1520920
273948
1384960
2724481
0
0
1899475
1011518
0
0
0
401052
1555227
373565
0
1616952
0
621466
470662
0
1641438
895481
1444494
1312760
1920247
1329887
863433
773571
0
140738
2546698
101873
298913
3866055
0
950226
0
697454
1588324
2558196
0
1691138
0
604102
2800251
630632
1337199
0
2318541
345092
1145322
0
859851
1935522
516591
294888
0
1076851
893706
2707358
1000589
892638
1356696
954661
718289
1023828
0
668673
580754
1022674
2268020
2095665
637946
0
2905025
321629
304469
0
1667254
0
0
0
1781724
37921
1232694
0
0
420028
458355
933941
1861579
451416
0
1320186
861813
1771577
2025673
1951816
2235574
965511
3076576
0
1967380
439475
0
580748
999822
1873948
0
139588
803361
999822
3586031
977399
0
0
519949
0
0
210413
1297897
2311934
1951816
0
733021
1950282
1896673
0
864171
3692864
1939823
935295
1897829
0
985143
0
2255332
0
0
601524
0
0
1530093
2691888
1374947
0
0
0
186751
0
0
1848007
1382583
0
188483
0
837953
108735
1795418
1995793
1153562
157095
0
395828
818291
1155941
689080
0
2161076
436881
0
552680
0
166386
1152076
2644862
0
206860
0
463191
788965
2395407
666186
0
312319
0
792837
0
1436538
2887157
1816927
88769
0
154829
378871
0
0
99498
639820
0
0
1007382
610319
1793534
0
1619532
933026
0
0
0
0
0
0
0
1686576
0
1506966
801448
1433027
1642052
0
167140
2178578
0
295652
1356408
0
2721936
1838621
713311
0
0
0
0
0
147403
0
83102
1057701
1681031
370453
2214035
969061
0
0
2905025
2755301
1460696
2066527
1496301
0
0
2541303
601004
1039987
1192775
2765059
1334345
0
726154
1788212
659081
0
2237254
230748
476579
1851334
29372
0
1001368
0
0
194275
0
235295
658901
0
1731886
1169223
2368941
0
1931501
1093946
524587
498114
1120567
0
820942
793815
341964
1446393
490608
513533
595622
2870655
913130
618543
1608767
1598776
999088
0
1438390
0
0
270226
3573064
46955
3022096
0
1210380
0
0
0
2292416
0
0
0
0
0
0
1899475
2787959
806925
2818016
2987928
1260807
788708
0
1735956
2583162
1360141
0
0
0
0
0
657938
0
0
1520397
477444
0
2503655
1398490
0
1192625
943992
0
937844
985646
1094809
1182762
0
1254627
1805193
511757
2664026
2616573
1372183
817350
3497320
1537356
948276
0
0
1609959
490761
998763
0
2480277
1135244
470857
0
538160
1166994
0
552716
0
1148416
977903
0
827973
1464075
204973
2476195
550136
0
0
1430534
799877
685591
1686550
2990061
1178119
0
1899475
0
0
2766422
776259
1512822
0
0
0
0
1246182
844900
940548
1222083
1024467
0
2947710
773398
0
1233522
2815780
2632745
0
0
0
792742
0
0
0
0
0
0
0
127905
0
2905025
875217
0
0
2082058
0
1951816
2903729
963010
1701162
2624257
0
0
0
1516091
805487
0
2463680
0
1157536
1684434
2082827
2022727
1461098
2733896
2725542
1691717
668661
0
0
1903725
0
947956
2111334
3232636
35871
3363976
656425
1273265
380276
1185856
23230
0
992050
0
0
175603
0
0
2325382
459079
996813
1242641
2586000
1604538
2887157
0
1586929
183331
1474547
0
1789835
0
518965
750479
12743
2116379
0
152897
2247016
0
2373058
0
1050356
906720
134711
902428
0
307306
412346
1381624
1451630
131257
992701
1370886
1099642
0
1166002
2211185
0
1572234
0
0
1899475
0
704634
3516553
0
0
927345
1371448
1633116
1661584
3357694
0
1086498
0
188675
1094090
1268369
0
0
921132
0
1001933
1882065
382058
825178
1013659
794306
704263
0
1473365
895940
0
49924
783963
663941
0
0
609564
958242
2135540
1061130
2037323
0
2001160
977994
1242641
1756006
1546343
1327863
0
0
0
933732
717334
1106260
255233
687832
1405721
0
0
1223733
620802
910039
0
0
811191
0
385754
522357
570612
299381
1084360
0
0
923170
1867253
1551614
783181
65216
0
152219
1433791
389280
619086
991175
1311907
872752
2011061
0
0
1319451
2887157
0
3748938
0
944438
0
0
0
0
708374
0
0
1951816
0
2277582
544017
1971920
968895
1852590
0
831970
181715
633433
1266843
1164916
1296106
0
1714331
1238326
1316613
1606552
0
433821
0
1196566
1456471
974250
52550
0
1385381
425333
0
1456759
0
0
3429818
0
1209187
2887157
0
0
0
1781491
0
0
